Archive member included to satisfy reference by file (symbol)

c:/nxp/mcuxpressoide_11.0.1_2563/ide/plugins/com.nxp.mcuxpresso.tools.win32_11.0.1.201907311258/tools/bin/../lib/gcc/arm-none-eabi/8.2.1/../../../../arm-none-eabi/lib/thumb/v6-m/nofp\libcr_semihost_nf.a(_cr__main.o)
                              ./debug/startup_MKL25Z4.o (__main)
c:/nxp/mcuxpressoide_11.0.1_2563/ide/plugins/com.nxp.mcuxpresso.tools.win32_11.0.1.201907311258/tools/bin/../lib/gcc/arm-none-eabi/8.2.1/../../../../arm-none-eabi/lib/thumb/v6-m/nofp\libcr_semihost_nf.a(_cr_assert.o)
                              ./debug/fsl_clock.o (__assertion_failed)
c:/nxp/mcuxpressoide_11.0.1_2563/ide/plugins/com.nxp.mcuxpresso.tools.win32_11.0.1.201907311258/tools/bin/../lib/gcc/arm-none-eabi/8.2.1/../../../../arm-none-eabi/lib/thumb/v6-m/nofp\libcr_semihost_nf.a(__ciob.o)
                              c:/nxp/mcuxpressoide_11.0.1_2563/ide/plugins/com.nxp.mcuxpresso.tools.win32_11.0.1.201907311258/tools/bin/../lib/gcc/arm-none-eabi/8.2.1/../../../../arm-none-eabi/lib/thumb/v6-m/nofp\libcr_semihost_nf.a(_cr_assert.o) (__Ciob)
c:/nxp/mcuxpressoide_11.0.1_2563/ide/plugins/com.nxp.mcuxpresso.tools.win32_11.0.1.201907311258/tools/bin/../lib/gcc/arm-none-eabi/8.2.1/../../../../arm-none-eabi/lib/thumb/v6-m/nofp\libcr_semihost_nf.a(__sys_appexit.o)
                              c:/nxp/mcuxpressoide_11.0.1_2563/ide/plugins/com.nxp.mcuxpresso.tools.win32_11.0.1.201907311258/tools/bin/../lib/gcc/arm-none-eabi/8.2.1/../../../../arm-none-eabi/lib/thumb/v6-m/nofp\libcr_semihost_nf.a(_cr_assert.o) (__sys_appexit)
c:/nxp/mcuxpressoide_11.0.1_2563/ide/plugins/com.nxp.mcuxpresso.tools.win32_11.0.1.201907311258/tools/bin/../lib/gcc/arm-none-eabi/8.2.1/../../../../arm-none-eabi/lib/thumb/v6-m/nofp\libcr_c.a(memcpy.o)
                              ./debug/test.o (memcpy)
c:/nxp/mcuxpressoide_11.0.1_2563/ide/plugins/com.nxp.mcuxpresso.tools.win32_11.0.1.201907311258/tools/bin/../lib/gcc/arm-none-eabi/8.2.1/../../../../arm-none-eabi/lib/thumb/v6-m/nofp\libcr_c.a(memset.o)
                              ./debug/fsl_flash.o (memset)
c:/nxp/mcuxpressoide_11.0.1_2563/ide/plugins/com.nxp.mcuxpresso.tools.win32_11.0.1.201907311258/tools/bin/../lib/gcc/arm-none-eabi/8.2.1/../../../../arm-none-eabi/lib/thumb/v6-m/nofp\libcr_c.a(_deferredlazyseek.o)
                              c:/nxp/mcuxpressoide_11.0.1_2563/ide/plugins/com.nxp.mcuxpresso.tools.win32_11.0.1.201907311258/tools/bin/../lib/gcc/arm-none-eabi/8.2.1/../../../../arm-none-eabi/lib/thumb/v6-m/nofp\libcr_semihost_nf.a(_cr_assert.o) (__flsbuf)
c:/nxp/mcuxpressoide_11.0.1_2563/ide/plugins/com.nxp.mcuxpresso.tools.win32_11.0.1.201907311258/tools/bin/../lib/gcc/arm-none-eabi/8.2.1/../../../../arm-none-eabi/lib/thumb/v6-m/nofp\libcr_c.a(_fflush.o)
                              c:/nxp/mcuxpressoide_11.0.1_2563/ide/plugins/com.nxp.mcuxpresso.tools.win32_11.0.1.201907311258/tools/bin/../lib/gcc/arm-none-eabi/8.2.1/../../../../arm-none-eabi/lib/thumb/v6-m/nofp\libcr_c.a(_deferredlazyseek.o) (_fflush)
c:/nxp/mcuxpressoide_11.0.1_2563/ide/plugins/com.nxp.mcuxpresso.tools.win32_11.0.1.201907311258/tools/bin/../lib/gcc/arm-none-eabi/8.2.1/../../../../arm-none-eabi/lib/thumb/v6-m/nofp\libcr_c.a(_writebuf.o)
                              c:/nxp/mcuxpressoide_11.0.1_2563/ide/plugins/com.nxp.mcuxpresso.tools.win32_11.0.1.201907311258/tools/bin/../lib/gcc/arm-none-eabi/8.2.1/../../../../arm-none-eabi/lib/thumb/v6-m/nofp\libcr_c.a(_deferredlazyseek.o) (_Cwritebuf)
c:/nxp/mcuxpressoide_11.0.1_2563/ide/plugins/com.nxp.mcuxpresso.tools.win32_11.0.1.201907311258/tools/bin/../lib/gcc/arm-none-eabi/8.2.1/../../../../arm-none-eabi/lib/thumb/v6-m/nofp\libcr_c.a(alloc.o)
                              c:/nxp/mcuxpressoide_11.0.1_2563/ide/plugins/com.nxp.mcuxpresso.tools.win32_11.0.1.201907311258/tools/bin/../lib/gcc/arm-none-eabi/8.2.1/../../../../arm-none-eabi/lib/thumb/v6-m/nofp\libcr_c.a(_deferredlazyseek.o) (_Csys_alloc)
c:/nxp/mcuxpressoide_11.0.1_2563/ide/plugins/com.nxp.mcuxpresso.tools.win32_11.0.1.201907311258/tools/bin/../lib/gcc/arm-none-eabi/8.2.1/../../../../arm-none-eabi/lib/thumb/v6-m/nofp\libcr_c.a(fputs.o)
                              c:/nxp/mcuxpressoide_11.0.1_2563/ide/plugins/com.nxp.mcuxpresso.tools.win32_11.0.1.201907311258/tools/bin/../lib/gcc/arm-none-eabi/8.2.1/../../../../arm-none-eabi/lib/thumb/v6-m/nofp\libcr_semihost_nf.a(_cr_assert.o) (fputs)
c:/nxp/mcuxpressoide_11.0.1_2563/ide/plugins/com.nxp.mcuxpresso.tools.win32_11.0.1.201907311258/tools/bin/../lib/gcc/arm-none-eabi/8.2.1/../../../../arm-none-eabi/lib/thumb/v6-m/nofp\libcr_c.a(fseek.o)
                              c:/nxp/mcuxpressoide_11.0.1_2563/ide/plugins/com.nxp.mcuxpresso.tools.win32_11.0.1.201907311258/tools/bin/../lib/gcc/arm-none-eabi/8.2.1/../../../../arm-none-eabi/lib/thumb/v6-m/nofp\libcr_c.a(_deferredlazyseek.o) (fseek)
[...]
Memory Configuration

Name             Origin             Length             Attributes
PROGRAM_FLASH    0x00000000         0x00020000         xr
SRAM             0x1ffff000         0x00004000         xrw
*default*        0x00000000         0xffffffff

Linker script and memory map

LOAD ./debug/test.o
LOAD ./debug/startup_MKL25Z4.o
LOAD ./debug/system_MKL25Z4.o
LOAD ./debug/board.o
LOAD ./debug/clock_config.o
LOAD ./debug/peripherals.o
LOAD ./debug/pin_mux.o
LOAD ./debug/fsl_clock.o
LOAD ./debug/fsl_common.o
LOAD ./debug/fsl_flash.o
LOAD ./debug/fsl_gpio.o
LOAD ./debug/fsl_lpsci.o
LOAD ./debug/fsl_smc.o
LOAD ./debug/fsl_uart.o
LOAD ./debug/fsl_debug_console.o
START GROUP
LOAD c:/nxp/mcuxpressoide_11.0.1_2563/ide/plugins/com.nxp.mcuxpresso.tools.win32_11.0.1.201907311258/tools/bin/../lib/gcc/arm-none-eabi/8.2.1/../../../../arm-none-eabi/lib/thumb/v6-m/nofp\libcr_semihost_nf.a
LOAD c:/nxp/mcuxpressoide_11.0.1_2563/ide/plugins/com.nxp.mcuxpresso.tools.win32_11.0.1.201907311258/tools/bin/../lib/gcc/arm-none-eabi/8.2.1/../../../../arm-none-eabi/lib/thumb/v6-m/nofp\libcr_c.a
LOAD c:/nxp/mcuxpressoide_11.0.1_2563/ide/plugins/com.nxp.mcuxpresso.tools.win32_11.0.1.201907311258/tools/bin/../lib/gcc/arm-none-eabi/8.2.1/thumb/v6-m/nofp\libcr_eabihelpers.a
END GROUP
                0x00000000                __base_PROGRAM_FLASH = 0x0
                0x00000000                __base_Flash = 0x0
                0x00020000                __top_PROGRAM_FLASH = 0x20000
                0x00020000                __top_Flash = 0x20000
                0x1ffff000                __base_SRAM = 0x1ffff000
                0x1ffff000                __base_RAM = 0x1ffff000
                0x20003000                __top_SRAM = 0x20003000
                0x20003000                __top_RAM = 0x20003000

.text           0x00000000     0x3c20
 FILL mask 0xff
                0x00000000                __vectors_start__ = ABSOLUTE (.)
 *(.isr_vector)
 .isr_vector    0x00000000       0xc0 ./debug/startup_MKL25Z4.o
                0x00000000                g_pfnVectors
                0x00000000                __Vectors
                0x000000c0                . = ALIGN (0x4)
                0x000000c0                __section_table_start = .
                0x000000c0                __data_section_table = .
                0x000000c0        0x4 LONG 0x3c20 LOADADDR (.data)
                0x000000c4        0x4 LONG 0x1ffff000 ADDR (.data)
                0x000000c8        0x4 LONG 0x8 SIZEOF (.data)
                0x000000cc                __data_section_table_end = .
                0x000000cc                __bss_section_table = .
                0x000000cc        0x4 LONG 0x1ffff008 ADDR (.bss)
                0x000000d0        0x4 LONG 0xec SIZEOF (.bss)
                0x000000d4                __bss_section_table_end = .
                0x000000d4                __section_table_end = .
 *(.after_vectors*)
 .after_vectors.init_data
                0x000000d4       0x12 ./debug/startup_MKL25Z4.o
                0x000000d4                data_init
 .after_vectors.init_bss
                0x000000e6       0x10 ./debug/startup_MKL25Z4.o
                0x000000e6                bss_init
 *fill*         0x000000f6        0x2 ff
 .after_vectors.reset
                0x000000f8       0x4c ./debug/startup_MKL25Z4.o
                0x000000f8                ResetISR
 .after_vectors
                0x00000144      0x10c ./debug/startup_MKL25Z4.o
                0x00000144                NMI_Handler
                0x00000146                HardFault_Handler
                0x00000148                SVC_Handler
                0x0000014a                PendSV_Handler
                0x0000014c                SysTick_Handler
                0x0000014e                LPTMR0_DriverIRQHandler
                0x0000014e                Reserved39_DriverIRQHandler
                0x0000014e                I2C0_DriverIRQHandler
                0x0000014e                SPI1_DriverIRQHandler
                0x0000014e                DMA0_DriverIRQHandler
                0x0000014e                PORTD_DriverIRQHandler
                0x0000014e                DMA2_DriverIRQHandler
                0x0000014e                CMP0_DriverIRQHandler
                0x0000014e                TPM2_DriverIRQHandler
                0x0000014e                ADC0_DriverIRQHandler
                0x0000014e                SPI0_DriverIRQHandler
                0x0000014e                TSI0_DriverIRQHandler
                0x0000014e                RTC_Seconds_DriverIRQHandler
                0x0000014e                I2C1_DriverIRQHandler
                0x0000014e                DMA3_DriverIRQHandler
                0x0000014e                LLWU_DriverIRQHandler
                0x0000014e                MCG_DriverIRQHandler
                0x0000014e                DMA1_DriverIRQHandler
                0x0000014e                PIT_DriverIRQHandler
                0x0000014e                RTC_DriverIRQHandler
                0x0000014e                FTFA_DriverIRQHandler
                0x0000014e                IntDefaultHandler
                0x0000014e                USB0_DriverIRQHandler
                0x0000014e                DAC0_DriverIRQHandler
                0x0000014e                TPM1_DriverIRQHandler
                0x0000014e                LVD_LVW_DriverIRQHandler
                0x0000014e                TPM0_DriverIRQHandler
                0x0000014e                PORTA_DriverIRQHandler
                0x0000014e                Reserved20_DriverIRQHandler
                0x0000014e                Reserved45_DriverIRQHandler
                0x00000150                DMA0_IRQHandler
                0x00000158                DMA1_IRQHandler
                0x00000160                DMA2_IRQHandler
                0x00000168                DMA3_IRQHandler
                0x00000170                Reserved20_IRQHandler
                0x00000178                FTFA_IRQHandler
                0x00000180                LVD_LVW_IRQHandler
                0x00000188                LLWU_IRQHandler
                0x00000190                I2C0_IRQHandler
                0x00000198                I2C1_IRQHandler
                0x000001a0                SPI0_IRQHandler
                0x000001a8                SPI1_IRQHandler
                0x000001b0                UART0_IRQHandler
                0x000001b8                UART1_IRQHandler
                0x000001c0                UART2_IRQHandler
                0x000001c8                ADC0_IRQHandler
                0x000001d0                CMP0_IRQHandler
                0x000001d8                TPM0_IRQHandler
                0x000001e0                TPM1_IRQHandler
                0x000001e8                TPM2_IRQHandler
                0x000001f0                RTC_IRQHandler
                0x000001f8                RTC_Seconds_IRQHandler
                0x00000200                PIT_IRQHandler
                0x00000208                Reserved39_IRQHandler
                0x00000210                USB0_IRQHandler
                0x00000218                DAC0_IRQHandler
                0x00000220                TSI0_IRQHandler
                0x00000228                MCG_IRQHandler
                0x00000230                LPTMR0_IRQHandler
                0x00000238                Reserved45_IRQHandler
                0x00000240                PORTA_IRQHandler
                0x00000248                PORTD_IRQHandler
                0x00000400                . = 0x400
 *fill*         0x00000250      0x1b0 ff
                0x00000400                PROVIDE (__FLASH_CONFIG_START__ = .)
 *(.FlashConfig)
 .FlashConfig   0x00000400       0x10 ./debug/startup_MKL25Z4.o
                0x00000400                Flash_Config
                0x00000410                PROVIDE (__FLASH_CONFIG_END__ = .)
                0x00000001                ASSERT (! ((__FLASH_CONFIG_START__ == __FLASH_CONFIG_END__)), Linker Flash Config Support Enabled, but no .FlashConfig section provided within application)
 *(.text*)
 .text.GPIO_WritePinOutput
                0x00000410       0x34 ./debug/test.o
 .text.GPIO_TogglePinsOutput
                0x00000444       0x18 ./debug/test.o
 .text.delay    0x0000045c       0x26 ./debug/test.o
                0x0000045c                delay
 *fill*         0x00000482        0x2 ff
 .text.LED_RUN_FBD
                0x00000484       0x8c ./debug/test.o
                0x00000484                LED_RUN_FBD
 .text.LED_STATUS_FBD
                0x00000510       0x34 ./debug/test.o
                0x00000510                LED_STATUS_FBD
 .text.main     0x00000544       0xd0 ./debug/test.o
                0x00000544                main
 .text.SystemInit
                0x00000614       0x18 ./debug/system_MKL25Z4.o
                0x00000614                SystemInit
 .text.CLOCK_SetLpsci0Clock
                0x0000062c       0x38 ./debug/board.o
 .text.BOARD_InitDebugConsole
                0x00000664       0x30 ./debug/board.o
                0x00000664                BOARD_InitDebugConsole
 .text.CLOCK_SetSimSafeDivs
                0x00000694       0x20 ./debug/clock_config.o
 .text.CLOCK_SetXtal0Freq
                0x000006b4       0x1c ./debug/clock_config.o
 .text.CLOCK_CONFIG_SetFllExtRefDiv
                0x000006d0       0x3c ./debug/clock_config.o
 .text.BOARD_BootClockRUN
                0x0000070c       0x64 ./debug/clock_config.o
                0x0000070c                BOARD_BootClockRUN
 .text.CLOCK_EnableClock
                0x00000770       0x34 ./debug/pin_mux.o
 .text.PORT_SetPinMux
                0x000007a4       0x40 ./debug/pin_mux.o
 .text.BOARD_InitPins
                0x000007e4       0x84 ./debug/pin_mux.o
                0x000007e4                BOARD_InitPins
 .text.CLOCK_SetEr32kClock
                0x00000868       0x34 ./debug/fsl_clock.o
 .text.CLOCK_SetPllFllSelClock
                0x0000089c       0x38 ./debug/fsl_clock.o
 .text.OSC_SetExtRefClkConfig
                0x000008d4       0x3e ./debug/fsl_clock.o
 .text.OSC_SetCapLoad
                0x00000912       0x42 ./debug/fsl_clock.o
 .text.CLOCK_GetMcgExtClkFreq
                0x00000954       0x28 ./debug/fsl_clock.o
 .text.CLOCK_GetFllExtRefClkFreq
                0x0000097c       0xa4 ./debug/fsl_clock.o
 .text.CLOCK_GetFllRefClkFreq
                0x00000a20       0x2c ./debug/fsl_clock.o
 .text.CLOCK_GetPll0RefFreq
                0x00000a4c       0x10 ./debug/fsl_clock.o
 .text.CLOCK_GetOscRangeFromFreq
                0x00000a5c       0x4c ./debug/fsl_clock.o
 .text.CLOCK_GetPllFllSelClkFreq
                0x00000aa8       0x4c ./debug/fsl_clock.o
                0x00000aa8                CLOCK_GetPllFllSelClkFreq
 .text.CLOCK_SetSimConfig
                0x00000af4       0x38 ./debug/fsl_clock.o
                0x00000af4                CLOCK_SetSimConfig
 .text.CLOCK_GetFllFreq
                0x00000b2c       0x84 ./debug/fsl_clock.o
                0x00000b2c                CLOCK_GetFllFreq
 .text.CLOCK_GetPll0Freq
                0x00000bb0       0x70 ./debug/fsl_clock.o
                0x00000bb0                CLOCK_GetPll0Freq
 .text.CLOCK_SetExternalRefClkConfig
                0x00000c20       0x16 ./debug/fsl_clock.o
                0x00000c20                CLOCK_SetExternalRefClkConfig
 *fill*         0x00000c36        0x2 ff
 .text.CLOCK_SetInternalRefClkConfig
                0x00000c38      0x124 ./debug/fsl_clock.o
                0x00000c38                CLOCK_SetInternalRefClkConfig
 .text.CLOCK_EnablePll0
                0x00000d5c       0x90 ./debug/fsl_clock.o
                0x00000d5c                CLOCK_EnablePll0
 .text.CLOCK_InitOsc0
                0x00000dec       0x94 ./debug/fsl_clock.o
                0x00000dec                CLOCK_InitOsc0
 .text.CLOCK_SetPbeMode
                0x00000e80       0xb0 ./debug/fsl_clock.o
                0x00000e80                CLOCK_SetPbeMode
 .text.CLOCK_BootToPeeMode
                0x00000f30       0x70 ./debug/fsl_clock.o
                0x00000f30                CLOCK_BootToPeeMode
 .text.CLOCK_EnableClock
                0x00000fa0       0x34 ./debug/fsl_lpsci.o
 .text.LPSCI_GetInstance
                0x00000fd4       0x48 ./debug/fsl_lpsci.o
                0x00000fd4                LPSCI_GetInstance
 .text.LPSCI_Init
                0x0000101c      0x258 ./debug/fsl_lpsci.o
                0x0000101c                LPSCI_Init
 .text.LPSCI_GetDefaultConfig
                0x00001274       0x44 ./debug/fsl_lpsci.o
                0x00001274                LPSCI_GetDefaultConfig
 .text.LPSCI_GetStatusFlags
                0x000012b8       0x26 ./debug/fsl_lpsci.o
                0x000012b8                LPSCI_GetStatusFlags
 *fill*         0x000012de        0x2 ff
 .text.LPSCI_ClearStatusFlags
                0x000012e0       0x94 ./debug/fsl_lpsci.o
                0x000012e0                LPSCI_ClearStatusFlags
 .text.LPSCI_WriteBlocking
                0x00001374       0x4c ./debug/fsl_lpsci.o
                0x00001374                LPSCI_WriteBlocking
 .text.LPSCI_ReadBlocking
                0x000013c0       0xc0 ./debug/fsl_lpsci.o
                0x000013c0                LPSCI_ReadBlocking
 .text.UART0_DriverIRQHandler
                0x00001480       0x24 ./debug/fsl_lpsci.o
                0x00001480                UART0_DriverIRQHandler
 .text.CLOCK_EnableClock
                0x000014a4       0x34 ./debug/fsl_uart.o
 .text.UART_GetInstance
                0x000014d8       0x54 ./debug/fsl_uart.o
                0x000014d8                UART_GetInstance
 .text.UART_Init
                0x0000152c      0x1e0 ./debug/fsl_uart.o
                0x0000152c                UART_Init
 .text.UART_GetDefaultConfig
                0x0000170c       0x44 ./debug/fsl_uart.o
                0x0000170c                UART_GetDefaultConfig
 .text.UART_GetStatusFlags
                0x00001750       0x26 ./debug/fsl_uart.o
                0x00001750                UART_GetStatusFlags
 .text.UART_WriteBlocking
                0x00001776       0x3a ./debug/fsl_uart.o
                0x00001776                UART_WriteBlocking
 .text.UART_ReadBlocking
                0x000017b0       0x98 ./debug/fsl_uart.o
                0x000017b0                UART_ReadBlocking
 .text.UART1_DriverIRQHandler
                0x00001848       0x24 ./debug/fsl_uart.o
                0x00001848                UART1_DriverIRQHandler
 .text.UART2_DriverIRQHandler
                0x0000186c       0x24 ./debug/fsl_uart.o
                0x0000186c                UART2_DriverIRQHandler
 .text.UART_EnableTx
                0x00001890       0x40 ./debug/fsl_debug_console.o
 .text.UART_EnableRx
                0x000018d0       0x40 ./debug/fsl_debug_console.o
 .text.LPSCI_EnableTx
                0x00001910       0x40 ./debug/fsl_debug_console.o
 .text.LPSCI_EnableRx
                0x00001950       0x40 ./debug/fsl_debug_console.o
 .text.DbgConsole_Init
                0x00001990       0xf0 ./debug/fsl_debug_console.o
                0x00001990                DbgConsole_Init
 .text.__main   0x00001a80        0xc c:/nxp/mcuxpressoide_11.0.1_2563/ide/plugins/com.nxp.mcuxpresso.tools.win32_11.0.1.201907311258/tools/bin/../lib/gcc/arm-none-eabi/8.2.1/../../../../arm-none-eabi/lib/thumb/v6-m/nofp\libcr_semihost_nf.a(_cr__main.o)
                0x00001a80                __CR_SEMIHOST
                0x00001a80                __main
 .text.__assertion_failed
                0x00001a8c       0x4c c:/nxp/mcuxpressoide_11.0.1_2563/ide/plugins/com.nxp.mcuxpresso.tools.win32_11.0.1.201907311258/tools/bin/../lib/gcc/arm-none-eabi/8.2.1/../../../../arm-none-eabi/lib/thumb/v6-m/nofp\libcr_semihost_nf.a(_cr_assert.o)
                0x00001a8c                __assertion_failed
 .text.__sys_appexit
                0x00001ad8        0xc c:/nxp/mcuxpressoide_11.0.1_2563/ide/plugins/com.nxp.mcuxpresso.tools.win32_11.0.1.201907311258/tools/bin/../lib/gcc/arm-none-eabi/8.2.1/../../../../arm-none-eabi/lib/thumb/v6-m/nofp\libcr_semihost_nf.a(__sys_appexit.o)
                0x00001ad8                __sys_appexit
                0x00001ad8                __exit
 .text.memcpy   0x00001ae4        0x8 c:/nxp/mcuxpressoide_11.0.1_2563/ide/plugins/com.nxp.mcuxpresso.tools.win32_11.0.1.201907311258/tools/bin/../lib/gcc/arm-none-eabi/8.2.1/../../../../arm-none-eabi/lib/thumb/v6-m/nofp\libcr_c.a(memcpy.o)
                0x00001ae4                memcpy
 .text.memset   0x00001aec        0x8 c:/nxp/mcuxpressoide_11.0.1_2563/ide/plugins/com.nxp.mcuxpresso.tools.win32_11.0.1.201907311258/tools/bin/../lib/gcc/arm-none-eabi/8.2.1/../../../../arm-none-eabi/lib/thumb/v6-m/nofp\libcr_c.a(memset.o)
                0x00001aec                memset
 .text._deferredlazyseek
                0x00001af4       0x40 c:/nxp/mcuxpressoide_11.0.1_2563/ide/plugins/com.nxp.mcuxpresso.tools.win32_11.0.1.201907311258/tools/bin/../lib/gcc/arm-none-eabi/8.2.1/../../../../arm-none-eabi/lib/thumb/v6-m/nofp\libcr_c.a(_deferredlazyseek.o)
                0x00001af4                _deferredlazyseek
 .text.__flsbuf
                0x00001b34      0x14c c:/nxp/mcuxpressoide_11.0.1_2563/ide/plugins/com.nxp.mcuxpresso.tools.win32_11.0.1.201907311258/tools/bin/../lib/gcc/arm-none-eabi/8.2.1/../../../../arm-none-eabi/lib/thumb/v6-m/nofp\libcr_c.a(_deferredlazyseek.o)
                0x00001b34                __flsbuf
 .text._fflush  0x00001c80       0x5c c:/nxp/mcuxpressoide_11.0.1_2563/ide/plugins/com.nxp.mcuxpresso.tools.win32_11.0.1.201907311258/tools/bin/../lib/gcc/arm-none-eabi/8.2.1/../../../../arm-none-eabi/lib/thumb/v6-m/nofp\libcr_c.a(_fflush.o)
                0x00001c80                _fflush
 .text._Cwritebuf
                0x00001cdc       0x68 c:/nxp/mcuxpressoide_11.0.1_2563/ide/plugins/com.nxp.mcuxpresso.tools.win32_11.0.1.201907311258/tools/bin/../lib/gcc/arm-none-eabi/8.2.1/../../../../arm-none-eabi/lib/thumb/v6-m/nofp\libcr_c.a(_writebuf.o)
                0x00001cdc                _Cwritebuf
 .text.malloc   0x00001d44       0xcc c:/nxp/mcuxpressoide_11.0.1_2563/ide/plugins/com.nxp.mcuxpresso.tools.win32_11.0.1.201907311258/tools/bin/../lib/gcc/arm-none-eabi/8.2.1/../../../../arm-none-eabi/lib/thumb/v6-m/nofp\libcr_c.a(alloc.o)
                0x00001d44                malloc
 .text.free     0x00001e10       0x2c c:/nxp/mcuxpressoide_11.0.1_2563/ide/plugins/com.nxp.mcuxpresso.tools.win32_11.0.1.201907311258/tools/bin/../lib/gcc/arm-none-eabi/8.2.1/../../../../arm-none-eabi/lib/thumb/v6-m/nofp\libcr_c.a(alloc.o)
                0x00001e10                free
 .text._Csys_alloc
                0x00001e3c       0x20 c:/nxp/mcuxpressoide_11.0.1_2563/ide/plugins/com.nxp.mcuxpresso.tools.win32_11.0.1.201907311258/tools/bin/../lib/gcc/arm-none-eabi/8.2.1/../../../../arm-none-eabi/lib/thumb/v6-m/nofp\libcr_c.a(alloc.o)
                0x00001e3c                _Csys_alloc
 .text.fputs    0x00001e5c       0x2e c:/nxp/mcuxpressoide_11.0.1_2563/ide/plugins/com.nxp.mcuxpresso.tools.win32_11.0.1.201907311258/tools/bin/../lib/gcc/arm-none-eabi/8.2.1/../../../../arm-none-eabi/lib/thumb/v6-m/nofp\libcr_c.a(fputs.o)
                0x00001e5c                fputs
 *fill*         0x00001e8a        0x2 ff
 .text.fseek    0x00001e8c       0xf0 c:/nxp/mcuxpressoide_11.0.1_2563/ide/plugins/com.nxp.mcuxpresso.tools.win32_11.0.1.201907311258/tools/bin/../lib/gcc/arm-none-eabi/8.2.1/../../../../arm-none-eabi/lib/thumb/v6-m/nofp\libcr_c.a(fseek.o)
                0x00001e8c                fseek
 .text.ftell    0x00001f7c       0x48 c:/nxp/mcuxpressoide_11.0.1_2563/ide/plugins/com.nxp.mcuxpresso.tools.win32_11.0.1.201907311258/tools/bin/../lib/gcc/arm-none-eabi/8.2.1/../../../../arm-none-eabi/lib/thumb/v6-m/nofp\libcr_c.a(ftell.o)
                0x00001f7c                ftell
 .text._initio  0x00001fc4       0x7c c:/nxp/mcuxpressoide_11.0.1_2563/ide/plugins/com.nxp.mcuxpresso.tools.win32_11.0.1.201907311258/tools/bin/../lib/gcc/arm-none-eabi/8.2.1/../../../../arm-none-eabi/lib/thumb/v6-m/nofp\libcr_c.a(initio.o)
                0x00001fc4                _initio
 .text.no_fp_display
                0x00002040        0x4 c:/nxp/mcuxpressoide_11.0.1_2563/ide/plugins/com.nxp.mcuxpresso.tools.win32_11.0.1.201907311258/tools/bin/../lib/gcc/arm-none-eabi/8.2.1/../../../../arm-none-eabi/lib/thumb/v6-m/nofp\libcr_c.a(printf.o)
 .text.__vfprintf
                0x00002044      0xcd8 c:/nxp/mcuxpressoide_11.0.1_2563/ide/plugins/com.nxp.mcuxpresso.tools.win32_11.0.1.201907311258/tools/bin/../lib/gcc/arm-none-eabi/8.2.1/../../../../arm-none-eabi/lib/thumb/v6-m/nofp\libcr_c.a(printf.o)
                0x00002044                __vfprintf
 .text._vsnprintf
                0x00002d1c       0x70 c:/nxp/mcuxpressoide_11.0.1_2563/ide/plugins/com.nxp.mcuxpresso.tools.win32_11.0.1.201907311258/tools/bin/../lib/gcc/arm-none-eabi/8.2.1/../../../../arm-none-eabi/lib/thumb/v6-m/nofp\libcr_c.a(printf.o)
                0x00002d1c                _vsnprintf
 .text._printf  0x00002d8c       0x50 c:/nxp/mcuxpressoide_11.0.1_2563/ide/plugins/com.nxp.mcuxpresso.tools.win32_11.0.1.201907311258/tools/bin/../lib/gcc/arm-none-eabi/8.2.1/../../../../arm-none-eabi/lib/thumb/v6-m/nofp\libcr_c.a(printf.o)
                0x00002d8c                _printf
 .text.setvbuf  0x00002ddc       0x4c c:/nxp/mcuxpressoide_11.0.1_2563/ide/plugins/com.nxp.mcuxpresso.tools.win32_11.0.1.201907311258/tools/bin/../lib/gcc/arm-none-eabi/8.2.1/../../../../arm-none-eabi/lib/thumb/v6-m/nofp\libcr_c.a(setvbuf.o)
                0x00002ddc                setvbuf
 .text.strlen   0x00002e28       0x58 c:/nxp/mcuxpressoide_11.0.1_2563/ide/plugins/com.nxp.mcuxpresso.tools.win32_11.0.1.201907311258/tools/bin/../lib/gcc/arm-none-eabi/8.2.1/../../../../arm-none-eabi/lib/thumb/v6-m/nofp\libcr_c.a(strlen.o)
                0x00002e28                strlen
 .text._sbrk    0x00002e80       0x40 c:/nxp/mcuxpressoide_11.0.1_2563/ide/plugins/com.nxp.mcuxpresso.tools.win32_11.0.1.201907311258/tools/bin/../lib/gcc/arm-none-eabi/8.2.1/../../../../arm-none-eabi/lib/thumb/v6-m/nofp\libcr_c.a(_cr_sbrk.o)
                0x00002e80                _sbrk
 .text._fdopen  0x00002ec0       0x74 c:/nxp/mcuxpressoide_11.0.1_2563/ide/plugins/com.nxp.mcuxpresso.tools.win32_11.0.1.201907311258/tools/bin/../lib/gcc/arm-none-eabi/8.2.1/../../../../arm-none-eabi/lib/thumb/v6-m/nofp\libcr_c.a(_fdopen.o)
                0x00002ec0                _fdopen
 .text.fclose   0x00002f34       0x5c c:/nxp/mcuxpressoide_11.0.1_2563/ide/plugins/com.nxp.mcuxpresso.tools.win32_11.0.1.201907311258/tools/bin/../lib/gcc/arm-none-eabi/8.2.1/../../../../arm-none-eabi/lib/thumb/v6-m/nofp\libcr_c.a(fclose.o)
                0x00002f34                fclose
 .text.fflush   0x00002f90       0x44 c:/nxp/mcuxpressoide_11.0.1_2563/ide/plugins/com.nxp.mcuxpresso.tools.win32_11.0.1.201907311258/tools/bin/../lib/gcc/arm-none-eabi/8.2.1/../../../../arm-none-eabi/lib/thumb/v6-m/nofp\libcr_c.a(fflush.o)
                0x00002f90                fflush
 .text.remove   0x00002fd4       0x12 c:/nxp/mcuxpressoide_11.0.1_2563/ide/plugins/com.nxp.mcuxpresso.tools.win32_11.0.1.201907311258/tools/bin/../lib/gcc/arm-none-eabi/8.2.1/../../../../arm-none-eabi/lib/thumb/v6-m/nofp\libcr_c.a(remove.o)
                0x00002fd4                remove
 *fill*         0x00002fe6        0x2 ff
 .text.__check_heap_overflow
                0x00002fe8       0x14 c:/nxp/mcuxpressoide_11.0.1_2563/ide/plugins/com.nxp.mcuxpresso.tools.win32_11.0.1.201907311258/tools/bin/../lib/gcc/arm-none-eabi/8.2.1/../../../../arm-none-eabi/lib/thumb/v6-m/nofp\libcr_c.a(_cr_check_heap.o)
                0x00002fe8                __check_heap_overflow
 .text._do_fflush
                0x00002ffc       0x44 c:/nxp/mcuxpressoide_11.0.1_2563/ide/plugins/com.nxp.mcuxpresso.tools.win32_11.0.1.201907311258/tools/bin/../lib/gcc/arm-none-eabi/8.2.1/../../../../arm-none-eabi/lib/thumb/v6-m/nofp\libcr_c.a(_do_fflush.o)
                0x00002ffc                _do_fflush
 .text.__aeabi_division_idivmod
                0x00003040       0x78 c:/nxp/mcuxpressoide_11.0.1_2563/ide/plugins/com.nxp.mcuxpresso.tools.win32_11.0.1.201907311258/tools/bin/../lib/gcc/arm-none-eabi/8.2.1/thumb/v6-m/nofp\libcr_eabihelpers.a(division_32.o)
                0x00003040                __aeabi_idivmod
                0x00003040                __aeabi_idiv
                0x00003046                __aeabi_uidivmod
                0x00003046                __aeabi_uidiv
 .text.__aeabi_division_idiv0
                0x000030b8        0x2 c:/nxp/mcuxpressoide_11.0.1_2563/ide/plugins/com.nxp.mcuxpresso.tools.win32_11.0.1.201907311258/tools/bin/../lib/gcc/arm-none-eabi/8.2.1/thumb/v6-m/nofp\libcr_eabihelpers.a(division_idiv0.o)
                0x000030b8                __aeabi_idiv0
 .text.__aeabi_llong_lmul
                0x000030ba       0x2e c:/nxp/mcuxpressoide_11.0.1_2563/ide/plugins/com.nxp.mcuxpresso.tools.win32_11.0.1.201907311258/tools/bin/../lib/gcc/arm-none-eabi/8.2.1/thumb/v6-m/nofp\libcr_eabihelpers.a(llong.o)
                0x000030ba                __aeabi_lmul
 .text.__aeabi_memcpy
                0x000030e8       0x2c c:/nxp/mcuxpressoide_11.0.1_2563/ide/plugins/com.nxp.mcuxpresso.tools.win32_11.0.1.201907311258/tools/bin/../lib/gcc/arm-none-eabi/8.2.1/thumb/v6-m/nofp\libcr_eabihelpers.a(memcpy.o)
                0x000030e8                __aeabi_memcpy4
                0x000030e8                __aeabi_memcpy8
                0x000030e8                __aeabi_memcpy
 .text.__aeabi_memset_lowlevel
                0x00003114       0x2a c:/nxp/mcuxpressoide_11.0.1_2563/ide/plugins/com.nxp.mcuxpresso.tools.win32_11.0.1.201907311258/tools/bin/../lib/gcc/arm-none-eabi/8.2.1/thumb/v6-m/nofp\libcr_eabihelpers.a(memcpy.o)
                0x00003114                __aeabi_lowlevel_memset
 .text.__sys_close
                0x0000313e        0xc c:/nxp/mcuxpressoide_11.0.1_2563/ide/plugins/com.nxp.mcuxpresso.tools.win32_11.0.1.201907311258/tools/bin/../lib/gcc/arm-none-eabi/8.2.1/../../../../arm-none-eabi/lib/thumb/v6-m/nofp\libcr_semihost_nf.a(__sys_close.o)
                0x0000313e                __sys_close
 .text.__sys_flen
                0x0000314a        0xc c:/nxp/mcuxpressoide_11.0.1_2563/ide/plugins/com.nxp.mcuxpresso.tools.win32_11.0.1.201907311258/tools/bin/../lib/gcc/arm-none-eabi/8.2.1/../../../../arm-none-eabi/lib/thumb/v6-m/nofp\libcr_semihost_nf.a(__sys_flen.o)
                0x0000314a                __sys_flen
 .text.__sys_istty
                0x00003156        0xc c:/nxp/mcuxpressoide_11.0.1_2563/ide/plugins/com.nxp.mcuxpresso.tools.win32_11.0.1.201907311258/tools/bin/../lib/gcc/arm-none-eabi/8.2.1/../../../../arm-none-eabi/lib/thumb/v6-m/nofp\libcr_semihost_nf.a(__sys_istty.o)
                0x00003156                __sys_istty
 .text.__sys_remove
                0x00003162        0xc c:/nxp/mcuxpressoide_11.0.1_2563/ide/plugins/com.nxp.mcuxpresso.tools.win32_11.0.1.201907311258/tools/bin/../lib/gcc/arm-none-eabi/8.2.1/../../../../arm-none-eabi/lib/thumb/v6-m/nofp\libcr_semihost_nf.a(__sys_remove.o)
                0x00003162                __sys_remove
 .text.__sys_seek
                0x0000316e        0xc c:/nxp/mcuxpressoide_11.0.1_2563/ide/plugins/com.nxp.mcuxpresso.tools.win32_11.0.1.201907311258/tools/bin/../lib/gcc/arm-none-eabi/8.2.1/../../../../arm-none-eabi/lib/thumb/v6-m/nofp\libcr_semihost_nf.a(__sys_seek.o)
                0x0000316e                __sys_seek
 .text.__sys_tmpnam
                0x0000317a        0xc c:/nxp/mcuxpressoide_11.0.1_2563/ide/plugins/com.nxp.mcuxpresso.tools.win32_11.0.1.201907311258/tools/bin/../lib/gcc/arm-none-eabi/8.2.1/../../../../arm-none-eabi/lib/thumb/v6-m/nofp\libcr_semihost_nf.a(__sys_tmpnam.o)
                0x0000317a                __sys_tmpnam
 .text.__sys_write
                0x00003186        0xc c:/nxp/mcuxpressoide_11.0.1_2563/ide/plugins/com.nxp.mcuxpresso.tools.win32_11.0.1.201907311258/tools/bin/../lib/gcc/arm-none-eabi/8.2.1/../../../../arm-none-eabi/lib/thumb/v6-m/nofp\libcr_semihost_nf.a(__sys_write.o)
                0x00003186                __sys_write
 *(.rodata .rodata.* .constdata .constdata.*)
 *fill*         0x00003192        0x2 ff
 .rodata        0x00003194       0x84 ./debug/test.o
 .rodata.mcgConfig_BOARD_BootClockRUN
                0x00003218        0xa ./debug/clock_config.o
                0x00003218                mcgConfig_BOARD_BootClockRUN
 *fill*         0x00003222        0x2 ff
 .rodata.simConfig_BOARD_BootClockRUN
                0x00003224        0x8 ./debug/clock_config.o
                0x00003224                simConfig_BOARD_BootClockRUN
 .rodata.oscConfig_BOARD_BootClockRUN
                0x0000322c        0x8 ./debug/clock_config.o
                0x0000322c                oscConfig_BOARD_BootClockRUN
 .rodata        0x00003234      0x10a ./debug/fsl_clock.o
 *fill*         0x0000333e        0x2 ff
 .rodata.fllFactorTable.5230
                0x00003340       0x10 ./debug/fsl_clock.o
 .rodata        0x00003350      0x45d ./debug/fsl_lpsci.o
 *fill*         0x000037ad        0x3 ff
 .rodata.s_uartBases
                0x000037b0        0xc ./debug/fsl_uart.o
 .rodata.s_uartClock
                0x000037bc        0xc ./debug/fsl_uart.o
 .rodata        0x000037c8      0x3e8 ./debug/fsl_uart.o
 .rodata.__assertion_failed.str1.1
                0x00003bb0       0x15 c:/nxp/mcuxpressoide_11.0.1_2563/ide/plugins/com.nxp.mcuxpresso.tools.win32_11.0.1.201907311258/tools/bin/../lib/gcc/arm-none-eabi/8.2.1/../../../../arm-none-eabi/lib/thumb/v6-m/nofp\libcr_semihost_nf.a(_cr_assert.o)
 *fill*         0x00003bc5        0x3 ff
 .rodata.__num_Ciob_streams
                0x00003bc8        0x4 c:/nxp/mcuxpressoide_11.0.1_2563/ide/plugins/com.nxp.mcuxpresso.tools.win32_11.0.1.201907311258/tools/bin/../lib/gcc/arm-none-eabi/8.2.1/../../../../arm-none-eabi/lib/thumb/v6-m/nofp\libcr_semihost_nf.a(__ciob.o)
                0x00003bc8                __num_Ciob_streams
 .rodata._Csys_alloc.str1.1
                0x00003bcc       0x18 c:/nxp/mcuxpressoide_11.0.1_2563/ide/plugins/com.nxp.mcuxpresso.tools.win32_11.0.1.201907311258/tools/bin/../lib/gcc/arm-none-eabi/8.2.1/../../../../arm-none-eabi/lib/thumb/v6-m/nofp\libcr_c.a(alloc.o)
 .rodata._initio.str1.1
                0x00003be4        0x4 c:/nxp/mcuxpressoide_11.0.1_2563/ide/plugins/com.nxp.mcuxpresso.tools.win32_11.0.1.201907311258/tools/bin/../lib/gcc/arm-none-eabi/8.2.1/../../../../arm-none-eabi/lib/thumb/v6-m/nofp\libcr_c.a(initio.o)
 .rodata.__vfprintf.str1.1
                0x00003be8       0x35 c:/nxp/mcuxpressoide_11.0.1_2563/ide/plugins/com.nxp.mcuxpresso.tools.win32_11.0.1.201907311258/tools/bin/../lib/gcc/arm-none-eabi/8.2.1/../../../../arm-none-eabi/lib/thumb/v6-m/nofp\libcr_c.a(printf.o)
                                 0x38 (size before relaxing)
                0x00003c20                . = ALIGN (0x4)
 *fill*         0x00003c1d        0x3 ff

.glue_7         0x00003c20        0x0
 .glue_7        0x00003c20        0x0 linker stubs

.glue_7t        0x00003c20        0x0
 .glue_7t       0x00003c20        0x0 linker stubs

.vfp11_veneer   0x00003c20        0x0
 .vfp11_veneer  0x00003c20        0x0 linker stubs

.v4_bx          0x00003c20        0x0
 .v4_bx         0x00003c20        0x0 linker stubs

.iplt           0x00003c20        0x0
 .iplt          0x00003c20        0x0 ./debug/test.o

.rel.dyn        0x00003c20        0x0
 .rel.iplt      0x00003c20        0x0 ./debug/test.o

.ARM.extab
 *(.ARM.extab* .gnu.linkonce.armextab.*)
                0x00003c20                __exidx_start = .

.ARM.exidx
 *(.ARM.exidx* .gnu.linkonce.armexidx.*)
                0x00003c20                __exidx_end = .
                0x00003c20                _etext = .

.m_usb_data
 *(m_usb_bdt)

.mtb_buffer_default
 *(.mtb*)

.uninit_RESERVED
                0x1ffff000        0x0
 *(.bss.$RESERVED*)
                0x1ffff000                . = ALIGN (0x4)
                0x1ffff000                _end_uninit_RESERVED = .

.data           0x1ffff000        0x8 load address 0x00003c20
 FILL mask 0xff
                0x1ffff000                _data = .
 *(vtable)
 *(.ramfunc*)
 *(.data*)
 .data.SystemCoreClock
                0x1ffff000        0x4 ./debug/system_MKL25Z4.o
                0x1ffff000                SystemCoreClock
 .data.s_slowIrcFreq
                0x1ffff004        0x4 ./debug/fsl_clock.o
                0x1ffff008                . = ALIGN (0x4)
                0x1ffff008                _edata = .

.igot.plt       0x1ffff008        0x0 load address 0x00003c28
 .igot.plt      0x1ffff008        0x0 ./debug/test.o

.bss            0x1ffff008       0xec load address 0x00003c28
                0x1ffff008                _bss = .
 *(.bss*)
 .bss.g_xtal0Freq
                0x1ffff008        0x4 ./debug/fsl_clock.o
                0x1ffff008                g_xtal0Freq
 .bss.s_lpsciHandle
                0x1ffff00c        0x4 ./debug/fsl_lpsci.o
 .bss.s_lpsciIsr
                0x1ffff010        0x4 ./debug/fsl_lpsci.o
 .bss.s_uartHandle
                0x1ffff014        0xc ./debug/fsl_uart.o
 .bss.s_uartIsr
                0x1ffff020        0x4 ./debug/fsl_uart.o
 .bss.s_debugConsole
                0x1ffff024       0x10 ./debug/fsl_debug_console.o
 .bss.__Ciob    0x1ffff034       0xb4 c:/nxp/mcuxpressoide_11.0.1_2563/ide/plugins/com.nxp.mcuxpresso.tools.win32_11.0.1.201907311258/tools/bin/../lib/gcc/arm-none-eabi/8.2.1/../../../../arm-none-eabi/lib/thumb/v6-m/nofp\libcr_semihost_nf.a(__ciob.o)
                0x1ffff034                __Ciob
 .bss.__end_of_heap
                0x1ffff0e8        0x4 c:/nxp/mcuxpressoide_11.0.1_2563/ide/plugins/com.nxp.mcuxpresso.tools.win32_11.0.1.201907311258/tools/bin/../lib/gcc/arm-none-eabi/8.2.1/../../../../arm-none-eabi/lib/thumb/v6-m/nofp\libcr_c.a(__init_alloc.o)
                0x1ffff0e8                __end_of_heap
 .bss.__heaps   0x1ffff0ec        0x4 c:/nxp/mcuxpressoide_11.0.1_2563/ide/plugins/com.nxp.mcuxpresso.tools.win32_11.0.1.201907311258/tools/bin/../lib/gcc/arm-none-eabi/8.2.1/../../../../arm-none-eabi/lib/thumb/v6-m/nofp\libcr_c.a(__init_alloc.o)
                0x1ffff0ec                __heaps
 .bss.errno     0x1ffff0f0        0x4 c:/nxp/mcuxpressoide_11.0.1_2563/ide/plugins/com.nxp.mcuxpresso.tools.win32_11.0.1.201907311258/tools/bin/../lib/gcc/arm-none-eabi/8.2.1/../../../../arm-none-eabi/lib/thumb/v6-m/nofp\libcr_c.a(errno.o)
                0x1ffff0f0                errno
 *(COMMON)
                0x1ffff0f4                . = ALIGN (0x4)
                0x1ffff0f4                _ebss = .
                [!provide]                PROVIDE (end = .)

.noinit         0x1ffff0f4        0x0 load address 0x00003c28
                0x1ffff0f4                _noinit = .
 *(.noinit*)
                0x1ffff0f4                . = ALIGN (0x4)
                0x1ffff0f4                _end_noinit = .

.heap           0x1ffff0f4      0x400 load address 0x00003c28
                0x1ffff0f4                _pvHeapStart = .
                0x1ffff4f4                . = (. + 0x400)
 *fill*         0x1ffff0f4      0x400 
                0x1ffff4f4                . = ALIGN (0x4)
                0x1ffff4f4                _pvHeapLimit = .

.heap2stackfill
                0x1ffff4f4      0x400 load address 0x00003c28
                0x1ffff8f4                . = (. + 0x400)
 *fill*         0x1ffff4f4      0x400 

.stack          0x20002c00        0x0
                0x20002c00                _vStackBase = .
                0x20002c00                . = ALIGN (0x4)
                0x20003000                _vStackTop = (. + 0x400)
OUTPUT(./debug/test.axf elf32-littlearm)

.debug_info     0x00000000     0x76c4
 .debug_info    0x00000000      0x841 ./debug/test.o
 .debug_info    0x00000841      0x4df ./debug/startup_MKL25Z4.o
 .debug_info    0x00000d20      0x439 ./debug/system_MKL25Z4.o
 .debug_info    0x00001159      0x80b ./debug/board.o
 .debug_info    0x00001964      0xafe ./debug/clock_config.o
 .debug_info    0x00002462      0x5a3 ./debug/pin_mux.o
 .debug_info    0x00002a05     0x1a97 ./debug/fsl_clock.o
 .debug_info    0x0000449c     0x1469 ./debug/fsl_lpsci.o
 .debug_info    0x00005905     0x140a ./debug/fsl_uart.o
 .debug_info    0x00006d0f      0x9b5 ./debug/fsl_debug_console.o

.debug_abbrev   0x00000000     0x1631
 .debug_abbrev  0x00000000      0x225 ./debug/test.o
 .debug_abbrev  0x00000225      0x18d ./debug/startup_MKL25Z4.o
 .debug_abbrev  0x000003b2      0x156 ./debug/system_MKL25Z4.o
 .debug_abbrev  0x00000508      0x1a7 ./debug/board.o
 .debug_abbrev  0x000006af      0x211 ./debug/clock_config.o
 .debug_abbrev  0x000008c0      0x1bb ./debug/pin_mux.o
 .debug_abbrev  0x00000a7b      0x36f ./debug/fsl_clock.o
 .debug_abbrev  0x00000dea      0x309 ./debug/fsl_lpsci.o
 .debug_abbrev  0x000010f3      0x323 ./debug/fsl_uart.o
 .debug_abbrev  0x00001416      0x21b ./debug/fsl_debug_console.o

.debug_aranges  0x00000000      0x6f0
 .debug_aranges
                0x00000000       0x48 ./debug/test.o
 .debug_aranges
                0x00000048      0x160 ./debug/startup_MKL25Z4.o
 .debug_aranges
                0x000001a8       0x28 ./debug/system_MKL25Z4.o
 .debug_aranges
                0x000001d0       0x28 ./debug/board.o
 .debug_aranges
                0x000001f8       0x58 ./debug/clock_config.o
 .debug_aranges
                0x00000250       0x38 ./debug/pin_mux.o
 .debug_aranges
                0x00000288      0x1d8 ./debug/fsl_clock.o
 .debug_aranges
                0x00000460      0x118 ./debug/fsl_lpsci.o
 .debug_aranges
                0x00000578      0x130 ./debug/fsl_uart.o
 .debug_aranges
                0x000006a8       0x48 ./debug/fsl_debug_console.o

.debug_ranges   0x00000000      0x650
 .debug_ranges  0x00000000       0x38 ./debug/test.o
 .debug_ranges  0x00000038      0x150 ./debug/startup_MKL25Z4.o
 .debug_ranges  0x00000188       0x18 ./debug/system_MKL25Z4.o
 .debug_ranges  0x000001a0       0x18 ./debug/board.o
 .debug_ranges  0x000001b8       0x48 ./debug/clock_config.o
 .debug_ranges  0x00000200       0x28 ./debug/pin_mux.o
 .debug_ranges  0x00000228      0x1c8 ./debug/fsl_clock.o
 .debug_ranges  0x000003f0      0x108 ./debug/fsl_lpsci.o
 .debug_ranges  0x000004f8      0x120 ./debug/fsl_uart.o
 .debug_ranges  0x00000618       0x38 ./debug/fsl_debug_console.o

.debug_macro    0x00000000     0x964c
 .debug_macro   0x00000000      0x13a ./debug/test.o
 .debug_macro   0x0000013a      0xac6 ./debug/test.o
 .debug_macro   0x00000c00       0x10 ./debug/test.o
 .debug_macro   0x00000c10      0x12e ./debug/test.o
 .debug_macro   0x00000d3e       0xd8 ./debug/test.o
 .debug_macro   0x00000e16       0x16 ./debug/test.o
 .debug_macro   0x00000e2c       0x22 ./debug/test.o
 .debug_macro   0x00000e4e      0x5b3 ./debug/test.o
 .debug_macro   0x00001401       0x10 ./debug/test.o
 .debug_macro   0x00001411       0x3f ./debug/test.o
 .debug_macro   0x00001450       0x3a ./debug/test.o
 .debug_macro   0x0000148a       0x26 ./debug/test.o
 .debug_macro   0x000014b0      0x329 ./debug/test.o
 .debug_macro   0x000017d9       0x30 ./debug/test.o
 .debug_macro   0x00001809     0x51e2 ./debug/test.o
 .debug_macro   0x000069eb     0x1352 ./debug/test.o
 .debug_macro   0x00007d3d       0x3a ./debug/test.o
 .debug_macro   0x00007d77       0xf4 ./debug/test.o
 .debug_macro   0x00007e6b       0x35 ./debug/test.o
 .debug_macro   0x00007ea0       0x16 ./debug/test.o
 .debug_macro   0x00007eb6       0x10 ./debug/test.o
 .debug_macro   0x00007ec6      0x15f ./debug/test.o
 .debug_macro   0x00008025       0x52 ./debug/test.o
 .debug_macro   0x00008077       0x22 ./debug/test.o
 .debug_macro   0x00008099       0x29 ./debug/startup_MKL25Z4.o
 .debug_macro   0x000080c2      0xac0 ./debug/startup_MKL25Z4.o
 .debug_macro   0x00008b82       0x94 ./debug/system_MKL25Z4.o
 .debug_macro   0x00008c16      0x12b ./debug/board.o
 .debug_macro   0x00008d41       0xd2 ./debug/board.o
 .debug_macro   0x00008e13       0x1c ./debug/board.o
 .debug_macro   0x00008e2f      0x123 ./debug/clock_config.o
 .debug_macro   0x00008f52       0x1c ./debug/clock_config.o
 .debug_macro   0x00008f6e       0xee ./debug/pin_mux.o
 .debug_macro   0x0000905c       0x10 ./debug/pin_mux.o
 .debug_macro   0x0000906c      0x196 ./debug/fsl_clock.o
 .debug_macro   0x00009202       0xec ./debug/fsl_lpsci.o
 .debug_macro   0x000092ee       0xf2 ./debug/fsl_uart.o
 .debug_macro   0x000093e0      0x13a ./debug/fsl_debug_console.o
 .debug_macro   0x0000951a       0x16 ./debug/fsl_debug_console.o
 .debug_macro   0x00009530       0x10 ./debug/fsl_debug_console.o
 .debug_macro   0x00009540       0x28 ./debug/fsl_debug_console.o
 .debug_macro   0x00009568       0xc4 ./debug/fsl_debug_console.o
 .debug_macro   0x0000962c       0x10 ./debug/fsl_debug_console.o
 .debug_macro   0x0000963c       0x10 ./debug/fsl_debug_console.o

.debug_line     0x00000000     0x435e
 .debug_line    0x00000000      0x408 ./debug/test.o
 .debug_line    0x00000408      0x1e4 ./debug/startup_MKL25Z4.o
 .debug_line    0x000005ec      0x33c ./debug/system_MKL25Z4.o
 .debug_line    0x00000928      0x2e2 ./debug/board.o
 .debug_line    0x00000c0a      0x36a ./debug/clock_config.o
 .debug_line    0x00000f74      0x2f7 ./debug/pin_mux.o
 .debug_line    0x0000126b     0x12ab ./debug/fsl_clock.o
 .debug_line    0x00002516      0xd2c ./debug/fsl_lpsci.o
 .debug_line    0x00003242      0xd1b ./debug/fsl_uart.o
 .debug_line    0x00003f5d      0x401 ./debug/fsl_debug_console.o

.debug_str      0x00000000    0x358ad
 .debug_str     0x00000000    0x31c14 ./debug/test.o
                              0x31e2e (size before relaxing)
 .debug_str     0x00031c14      0x3cd ./debug/startup_MKL25Z4.o
                               0x3213 (size before relaxing)
 .debug_str     0x00031fe1      0x140 ./debug/system_MKL25Z4.o
                              0x2fc84 (size before relaxing)
 .debug_str     0x00032121       0x49 ./debug/board.o
                              0x31875 (size before relaxing)
 .debug_str     0x0003216a      0x3a0 ./debug/clock_config.o
                              0x31248 (size before relaxing)
 .debug_str     0x0003250a      0x334 ./debug/pin_mux.o
                              0x30af3 (size before relaxing)
 .debug_str     0x0003283e     0x1325 ./debug/fsl_clock.o
                              0x3231a (size before relaxing)
 .debug_str     0x00033b63      0xca5 ./debug/fsl_lpsci.o
                              0x31922 (size before relaxing)
 .debug_str     0x00034808      0x93a ./debug/fsl_uart.o
                              0x31945 (size before relaxing)
 .debug_str     0x00035142      0x76b ./debug/fsl_debug_console.o
                              0x31806 (size before relaxing)

.comment        0x00000000       0x75
 .comment       0x00000000       0x75 ./debug/test.o
                                 0x76 (size before relaxing)
 .comment       0x00000075       0x76 ./debug/startup_MKL25Z4.o
 .comment       0x00000075       0x76 ./debug/system_MKL25Z4.o
 .comment       0x00000075       0x76 ./debug/board.o
 .comment       0x00000075       0x76 ./debug/clock_config.o
 .comment       0x00000075       0x76 ./debug/pin_mux.o
 .comment       0x00000075       0x76 ./debug/fsl_clock.o
 .comment       0x00000075       0x76 ./debug/fsl_lpsci.o
 .comment       0x00000075       0x76 ./debug/fsl_uart.o
 .comment       0x00000075       0x76 ./debug/fsl_debug_console.o
 .comment       0x00000075       0x76 c:/nxp/mcuxpressoide_11.0.1_2563/ide/plugins/com.nxp.mcuxpresso.tools.win32_11.0.1.201907311258/tools/bin/../lib/gcc/arm-none-eabi/8.2.1/../../../../arm-none-eabi/lib/thumb/v6-m/nofp\libcr_semihost_nf.a(_cr__main.o)
 .comment       0x00000075       0x76 c:/nxp/mcuxpressoide_11.0.1_2563/ide/plugins/com.nxp.mcuxpresso.tools.win32_11.0.1.201907311258/tools/bin/../lib/gcc/arm-none-eabi/8.2.1/../../../../arm-none-eabi/lib/thumb/v6-m/nofp\libcr_semihost_nf.a(_cr_assert.o)
 .comment       0x00000075       0x76 c:/nxp/mcuxpressoide_11.0.1_2563/ide/plugins/com.nxp.mcuxpresso.tools.win32_11.0.1.201907311258/tools/bin/../lib/gcc/arm-none-eabi/8.2.1/../../../../arm-none-eabi/lib/thumb/v6-m/nofp\libcr_semihost_nf.a(__ciob.o)
 .comment       0x00000075       0x76 c:/nxp/mcuxpressoide_11.0.1_2563/ide/plugins/com.nxp.mcuxpresso.tools.win32_11.0.1.201907311258/tools/bin/../lib/gcc/arm-none-eabi/8.2.1/../../../../arm-none-eabi/lib/thumb/v6-m/nofp\libcr_c.a(memcpy.o)
 .comment       0x00000075       0x76 c:/nxp/mcuxpressoide_11.0.1_2563/ide/plugins/com.nxp.mcuxpresso.tools.win32_11.0.1.201907311258/tools/bin/../lib/gcc/arm-none-eabi/8.2.1/../../../../arm-none-eabi/lib/thumb/v6-m/nofp\libcr_c.a(memset.o)
 .comment       0x00000075       0x76 c:/nxp/mcuxpressoide_11.0.1_2563/ide/plugins/com.nxp.mcuxpresso.tools.win32_11.0.1.201907311258/tools/bin/../lib/gcc/arm-none-eabi/8.2.1/../../../../arm-none-eabi/lib/thumb/v6-m/nofp\libcr_c.a(_deferredlazyseek.o)
 .comment       0x00000075       0x76 c:/nxp/mcuxpressoide_11.0.1_2563/ide/plugins/com.nxp.mcuxpresso.tools.win32_11.0.1.201907311258/tools/bin/../lib/gcc/arm-none-eabi/8.2.1/../../../../arm-none-eabi/lib/thumb/v6-m/nofp\libcr_c.a(_fflush.o)
 .comment       0x00000075       0x76 c:/nxp/mcuxpressoide_11.0.1_2563/ide/plugins/com.nxp.mcuxpresso.tools.win32_11.0.1.201907311258/tools/bin/../lib/gcc/arm-none-eabi/8.2.1/../../../../arm-none-eabi/lib/thumb/v6-m/nofp\libcr_c.a(_writebuf.o)
 .comment       0x00000075       0x76 c:/nxp/mcuxpressoide_11.0.1_2563/ide/plugins/com.nxp.mcuxpresso.tools.win32_11.0.1.201907311258/tools/bin/../lib/gcc/arm-none-eabi/8.2.1/../../../../arm-none-eabi/lib/thumb/v6-m/nofp\libcr_c.a(alloc.o)
 .comment       0x00000075       0x76 c:/nxp/mcuxpressoide_11.0.1_2563/ide/plugins/com.nxp.mcuxpresso.tools.win32_11.0.1.201907311258/tools/bin/../lib/gcc/arm-none-eabi/8.2.1/../../../../arm-none-eabi/lib/thumb/v6-m/nofp\libcr_c.a(fputs.o)
 .comment       0x00000075       0x76 c:/nxp/mcuxpressoide_11.0.1_2563/ide/plugins/com.nxp.mcuxpresso.tools.win32_11.0.1.201907311258/tools/bin/../lib/gcc/arm-none-eabi/8.2.1/../../../../arm-none-eabi/lib/thumb/v6-m/nofp\libcr_c.a(fseek.o)
 .comment       0x00000075       0x76 c:/nxp/mcuxpressoide_11.0.1_2563/ide/plugins/com.nxp.mcuxpresso.tools.win32_11.0.1.201907311258/tools/bin/../lib/gcc/arm-none-eabi/8.2.1/../../../../arm-none-eabi/lib/thumb/v6-m/nofp\libcr_c.a(ftell.o)
 .comment       0x00000075       0x76 c:/nxp/mcuxpressoide_11.0.1_2563/ide/plugins/com.nxp.mcuxpresso.tools.win32_11.0.1.201907311258/tools/bin/../lib/gcc/arm-none-eabi/8.2.1/../../../../arm-none-eabi/lib/thumb/v6-m/nofp\libcr_c.a(initio.o)
 .comment       0x00000075       0x76 c:/nxp/mcuxpressoide_11.0.1_2563/ide/plugins/com.nxp.mcuxpresso.tools.win32_11.0.1.201907311258/tools/bin/../lib/gcc/arm-none-eabi/8.2.1/../../../../arm-none-eabi/lib/thumb/v6-m/nofp\libcr_c.a(printf.o)
 .comment       0x00000075       0x76 c:/nxp/mcuxpressoide_11.0.1_2563/ide/plugins/com.nxp.mcuxpresso.tools.win32_11.0.1.201907311258/tools/bin/../lib/gcc/arm-none-eabi/8.2.1/../../../../arm-none-eabi/lib/thumb/v6-m/nofp\libcr_c.a(setvbuf.o)
 .comment       0x00000075       0x76 c:/nxp/mcuxpressoide_11.0.1_2563/ide/plugins/com.nxp.mcuxpresso.tools.win32_11.0.1.201907311258/tools/bin/../lib/gcc/arm-none-eabi/8.2.1/../../../../arm-none-eabi/lib/thumb/v6-m/nofp\libcr_c.a(strlen.o)
 .comment       0x00000075       0x76 c:/nxp/mcuxpressoide_11.0.1_2563/ide/plugins/com.nxp.mcuxpresso.tools.win32_11.0.1.201907311258/tools/bin/../lib/gcc/arm-none-eabi/8.2.1/../../../../arm-none-eabi/lib/thumb/v6-m/nofp\libcr_c.a(__init_alloc.o)
 .comment       0x00000075       0x76 c:/nxp/mcuxpressoide_11.0.1_2563/ide/plugins/com.nxp.mcuxpresso.tools.win32_11.0.1.201907311258/tools/bin/../lib/gcc/arm-none-eabi/8.2.1/../../../../arm-none-eabi/lib/thumb/v6-m/nofp\libcr_c.a(_cr_sbrk.o)
 .comment       0x00000075       0x76 c:/nxp/mcuxpressoide_11.0.1_2563/ide/plugins/com.nxp.mcuxpresso.tools.win32_11.0.1.201907311258/tools/bin/../lib/gcc/arm-none-eabi/8.2.1/../../../../arm-none-eabi/lib/thumb/v6-m/nofp\libcr_c.a(_fdopen.o)
 .comment       0x00000075       0x76 c:/nxp/mcuxpressoide_11.0.1_2563/ide/plugins/com.nxp.mcuxpresso.tools.win32_11.0.1.201907311258/tools/bin/../lib/gcc/arm-none-eabi/8.2.1/../../../../arm-none-eabi/lib/thumb/v6-m/nofp\libcr_c.a(errno.o)
 .comment       0x00000075       0x76 c:/nxp/mcuxpressoide_11.0.1_2563/ide/plugins/com.nxp.mcuxpresso.tools.win32_11.0.1.201907311258/tools/bin/../lib/gcc/arm-none-eabi/8.2.1/../../../../arm-none-eabi/lib/thumb/v6-m/nofp\libcr_c.a(fclose.o)
 .comment       0x00000075       0x76 c:/nxp/mcuxpressoide_11.0.1_2563/ide/plugins/com.nxp.mcuxpresso.tools.win32_11.0.1.201907311258/tools/bin/../lib/gcc/arm-none-eabi/8.2.1/../../../../arm-none-eabi/lib/thumb/v6-m/nofp\libcr_c.a(fflush.o)
 .comment       0x00000075       0x76 c:/nxp/mcuxpressoide_11.0.1_2563/ide/plugins/com.nxp.mcuxpresso.tools.win32_11.0.1.201907311258/tools/bin/../lib/gcc/arm-none-eabi/8.2.1/../../../../arm-none-eabi/lib/thumb/v6-m/nofp\libcr_c.a(remove.o)
 .comment       0x00000075       0x76 c:/nxp/mcuxpressoide_11.0.1_2563/ide/plugins/com.nxp.mcuxpresso.tools.win32_11.0.1.201907311258/tools/bin/../lib/gcc/arm-none-eabi/8.2.1/../../../../arm-none-eabi/lib/thumb/v6-m/nofp\libcr_c.a(_cr_check_heap.o)
 .comment       0x00000075       0x76 c:/nxp/mcuxpressoide_11.0.1_2563/ide/plugins/com.nxp.mcuxpresso.tools.win32_11.0.1.201907311258/tools/bin/../lib/gcc/arm-none-eabi/8.2.1/../../../../arm-none-eabi/lib/thumb/v6-m/nofp\libcr_c.a(_do_fflush.o)

.ARM.attributes
                0x00000000       0x2a
 .ARM.attributes
                0x00000000       0x2c ./debug/test.o
 .ARM.attributes
                0x0000002c       0x2c ./debug/startup_MKL25Z4.o
 .ARM.attributes
                0x00000058       0x2c ./debug/system_MKL25Z4.o
 .ARM.attributes
                0x00000084       0x2c ./debug/board.o
 .ARM.attributes
                0x000000b0       0x2c ./debug/clock_config.o
 .ARM.attributes
                0x000000dc       0x2c ./debug/pin_mux.o
 .ARM.attributes
                0x00000108       0x2c ./debug/fsl_clock.o
 .ARM.attributes
                0x00000134       0x2c ./debug/fsl_lpsci.o
 .ARM.attributes
                0x00000160       0x2c ./debug/fsl_uart.o
 .ARM.attributes
                0x0000018c       0x2c ./debug/fsl_debug_console.o
 .ARM.attributes
                0x000001b8       0x2c c:/nxp/mcuxpressoide_11.0.1_2563/ide/plugins/com.nxp.mcuxpresso.tools.win32_11.0.1.201907311258/tools/bin/../lib/gcc/arm-none-eabi/8.2.1/../../../../arm-none-eabi/lib/thumb/v6-m/nofp\libcr_semihost_nf.a(_cr__main.o)
 .ARM.attributes
                0x000001e4       0x2c c:/nxp/mcuxpressoide_11.0.1_2563/ide/plugins/com.nxp.mcuxpresso.tools.win32_11.0.1.201907311258/tools/bin/../lib/gcc/arm-none-eabi/8.2.1/../../../../arm-none-eabi/lib/thumb/v6-m/nofp\libcr_semihost_nf.a(_cr_assert.o)
 .ARM.attributes
                0x00000210       0x31 c:/nxp/mcuxpressoide_11.0.1_2563/ide/plugins/com.nxp.mcuxpresso.tools.win32_11.0.1.201907311258/tools/bin/../lib/gcc/arm-none-eabi/8.2.1/../../../../arm-none-eabi/lib/thumb/v6-m/nofp\libcr_semihost_nf.a(__ciob.o)
 .ARM.attributes
                0x00000241       0x1c c:/nxp/mcuxpressoide_11.0.1_2563/ide/plugins/com.nxp.mcuxpresso.tools.win32_11.0.1.201907311258/tools/bin/../lib/gcc/arm-none-eabi/8.2.1/../../../../arm-none-eabi/lib/thumb/v6-m/nofp\libcr_semihost_nf.a(__sys_appexit.o)
 .ARM.attributes
                0x0000025d       0x2c c:/nxp/mcuxpressoide_11.0.1_2563/ide/plugins/com.nxp.mcuxpresso.tools.win32_11.0.1.201907311258/tools/bin/../lib/gcc/arm-none-eabi/8.2.1/../../../../arm-none-eabi/lib/thumb/v6-m/nofp\libcr_c.a(memcpy.o)
 .ARM.attributes
                0x00000289       0x2c c:/nxp/mcuxpressoide_11.0.1_2563/ide/plugins/com.nxp.mcuxpresso.tools.win32_11.0.1.201907311258/tools/bin/../lib/gcc/arm-none-eabi/8.2.1/../../../../arm-none-eabi/lib/thumb/v6-m/nofp\libcr_c.a(memset.o)
 .ARM.attributes
                0x000002b5       0x2c c:/nxp/mcuxpressoide_11.0.1_2563/ide/plugins/com.nxp.mcuxpresso.tools.win32_11.0.1.201907311258/tools/bin/../lib/gcc/arm-none-eabi/8.2.1/../../../../arm-none-eabi/lib/thumb/v6-m/nofp\libcr_c.a(_deferredlazyseek.o)
 .ARM.attributes
                0x000002e1       0x2c c:/nxp/mcuxpressoide_11.0.1_2563/ide/plugins/com.nxp.mcuxpresso.tools.win32_11.0.1.201907311258/tools/bin/../lib/gcc/arm-none-eabi/8.2.1/../../../../arm-none-eabi/lib/thumb/v6-m/nofp\libcr_c.a(_fflush.o)
 .ARM.attributes
                0x0000030d       0x2c c:/nxp/mcuxpressoide_11.0.1_2563/ide/plugins/com.nxp.mcuxpresso.tools.win32_11.0.1.201907311258/tools/bin/../lib/gcc/arm-none-eabi/8.2.1/../../../../arm-none-eabi/lib/thumb/v6-m/nofp\libcr_c.a(_writebuf.o)
 .ARM.attributes
                0x00000339       0x2c c:/nxp/mcuxpressoide_11.0.1_2563/ide/plugins/com.nxp.mcuxpresso.tools.win32_11.0.1.201907311258/tools/bin/../lib/gcc/arm-none-eabi/8.2.1/../../../../arm-none-eabi/lib/thumb/v6-m/nofp\libcr_c.a(alloc.o)
 .ARM.attributes
                0x00000365       0x2c c:/nxp/mcuxpressoide_11.0.1_2563/ide/plugins/com.nxp.mcuxpresso.tools.win32_11.0.1.201907311258/tools/bin/../lib/gcc/arm-none-eabi/8.2.1/../../../../arm-none-eabi/lib/thumb/v6-m/nofp\libcr_c.a(fputs.o)
 .ARM.attributes
                0x00000391       0x2c c:/nxp/mcuxpressoide_11.0.1_2563/ide/plugins/com.nxp.mcuxpresso.tools.win32_11.0.1.201907311258/tools/bin/../lib/gcc/arm-none-eabi/8.2.1/../../../../arm-none-eabi/lib/thumb/v6-m/nofp\libcr_c.a(fseek.o)
 .ARM.attributes
                0x000003bd       0x2c c:/nxp/mcuxpressoide_11.0.1_2563/ide/plugins/com.nxp.mcuxpresso.tools.win32_11.0.1.201907311258/tools/bin/../lib/gcc/arm-none-eabi/8.2.1/../../../../arm-none-eabi/lib/thumb/v6-m/nofp\libcr_c.a(ftell.o)
 .ARM.attributes
                0x000003e9       0x2c c:/nxp/mcuxpressoide_11.0.1_2563/ide/plugins/com.nxp.mcuxpresso.tools.win32_11.0.1.201907311258/tools/bin/../lib/gcc/arm-none-eabi/8.2.1/../../../../arm-none-eabi/lib/thumb/v6-m/nofp\libcr_c.a(initio.o)
 .ARM.attributes
                0x00000415       0x2c c:/nxp/mcuxpressoide_11.0.1_2563/ide/plugins/com.nxp.mcuxpresso.tools.win32_11.0.1.201907311258/tools/bin/../lib/gcc/arm-none-eabi/8.2.1/../../../../arm-none-eabi/lib/thumb/v6-m/nofp\libcr_c.a(printf.o)
 .ARM.attributes
                0x00000441       0x2c c:/nxp/mcuxpressoide_11.0.1_2563/ide/plugins/com.nxp.mcuxpresso.tools.win32_11.0.1.201907311258/tools/bin/../lib/gcc/arm-none-eabi/8.2.1/../../../../arm-none-eabi/lib/thumb/v6-m/nofp\libcr_c.a(setvbuf.o)
 .ARM.attributes
                0x0000046d       0x2c c:/nxp/mcuxpressoide_11.0.1_2563/ide/plugins/com.nxp.mcuxpresso.tools.win32_11.0.1.201907311258/tools/bin/../lib/gcc/arm-none-eabi/8.2.1/../../../../arm-none-eabi/lib/thumb/v6-m/nofp\libcr_c.a(strlen.o)
 .ARM.attributes
                0x00000499       0x2c c:/nxp/mcuxpressoide_11.0.1_2563/ide/plugins/com.nxp.mcuxpresso.tools.win32_11.0.1.201907311258/tools/bin/../lib/gcc/arm-none-eabi/8.2.1/../../../../arm-none-eabi/lib/thumb/v6-m/nofp\libcr_c.a(__init_alloc.o)
 .ARM.attributes
                0x000004c5       0x2c c:/nxp/mcuxpressoide_11.0.1_2563/ide/plugins/com.nxp.mcuxpresso.tools.win32_11.0.1.201907311258/tools/bin/../lib/gcc/arm-none-eabi/8.2.1/../../../../arm-none-eabi/lib/thumb/v6-m/nofp\libcr_c.a(_cr_sbrk.o)
 .ARM.attributes
                0x000004f1       0x2c c:/nxp/mcuxpressoide_11.0.1_2563/ide/plugins/com.nxp.mcuxpresso.tools.win32_11.0.1.201907311258/tools/bin/../lib/gcc/arm-none-eabi/8.2.1/../../../../arm-none-eabi/lib/thumb/v6-m/nofp\libcr_c.a(_fdopen.o)
 .ARM.attributes
                0x0000051d       0x31 c:/nxp/mcuxpressoide_11.0.1_2563/ide/plugins/com.nxp.mcuxpresso.tools.win32_11.0.1.201907311258/tools/bin/../lib/gcc/arm-none-eabi/8.2.1/../../../../arm-none-eabi/lib/thumb/v6-m/nofp\libcr_c.a(errno.o)
 .ARM.attributes
                0x0000054e       0x2c c:/nxp/mcuxpressoide_11.0.1_2563/ide/plugins/com.nxp.mcuxpresso.tools.win32_11.0.1.201907311258/tools/bin/../lib/gcc/arm-none-eabi/8.2.1/../../../../arm-none-eabi/lib/thumb/v6-m/nofp\libcr_c.a(fclose.o)
 .ARM.attributes
                0x0000057a       0x2c c:/nxp/mcuxpressoide_11.0.1_2563/ide/plugins/com.nxp.mcuxpresso.tools.win32_11.0.1.201907311258/tools/bin/../lib/gcc/arm-none-eabi/8.2.1/../../../../arm-none-eabi/lib/thumb/v6-m/nofp\libcr_c.a(fflush.o)
 .ARM.attributes
                0x000005a6       0x2c c:/nxp/mcuxpressoide_11.0.1_2563/ide/plugins/com.nxp.mcuxpresso.tools.win32_11.0.1.201907311258/tools/bin/../lib/gcc/arm-none-eabi/8.2.1/../../../../arm-none-eabi/lib/thumb/v6-m/nofp\libcr_c.a(remove.o)
 .ARM.attributes
                0x000005d2       0x2c c:/nxp/mcuxpressoide_11.0.1_2563/ide/plugins/com.nxp.mcuxpresso.tools.win32_11.0.1.201907311258/tools/bin/../lib/gcc/arm-none-eabi/8.2.1/../../../../arm-none-eabi/lib/thumb/v6-m/nofp\libcr_c.a(_cr_check_heap.o)
 .ARM.attributes
                0x000005fe       0x2c c:/nxp/mcuxpressoide_11.0.1_2563/ide/plugins/com.nxp.mcuxpresso.tools.win32_11.0.1.201907311258/tools/bin/../lib/gcc/arm-none-eabi/8.2.1/../../../../arm-none-eabi/lib/thumb/v6-m/nofp\libcr_c.a(_do_fflush.o)
 .ARM.attributes
                0x0000062a       0x1c c:/nxp/mcuxpressoide_11.0.1_2563/ide/plugins/com.nxp.mcuxpresso.tools.win32_11.0.1.201907311258/tools/bin/../lib/gcc/arm-none-eabi/8.2.1/thumb/v6-m/nofp\libcr_eabihelpers.a(division_32.o)
 .ARM.attributes
                0x00000646       0x1c c:/nxp/mcuxpressoide_11.0.1_2563/ide/plugins/com.nxp.mcuxpresso.tools.win32_11.0.1.201907311258/tools/bin/../lib/gcc/arm-none-eabi/8.2.1/thumb/v6-m/nofp\libcr_eabihelpers.a(division_idiv0.o)
 .ARM.attributes
                0x00000662       0x1c c:/nxp/mcuxpressoide_11.0.1_2563/ide/plugins/com.nxp.mcuxpresso.tools.win32_11.0.1.201907311258/tools/bin/../lib/gcc/arm-none-eabi/8.2.1/thumb/v6-m/nofp\libcr_eabihelpers.a(llong.o)
 .ARM.attributes
                0x0000067e       0x1c c:/nxp/mcuxpressoide_11.0.1_2563/ide/plugins/com.nxp.mcuxpresso.tools.win32_11.0.1.201907311258/tools/bin/../lib/gcc/arm-none-eabi/8.2.1/thumb/v6-m/nofp\libcr_eabihelpers.a(memcpy.o)
 .ARM.attributes
                0x0000069a       0x1c c:/nxp/mcuxpressoide_11.0.1_2563/ide/plugins/com.nxp.mcuxpresso.tools.win32_11.0.1.201907311258/tools/bin/../lib/gcc/arm-none-eabi/8.2.1/../../../../arm-none-eabi/lib/thumb/v6-m/nofp\libcr_semihost_nf.a(__sys_close.o)
 .ARM.attributes
                0x000006b6       0x1c c:/nxp/mcuxpressoide_11.0.1_2563/ide/plugins/com.nxp.mcuxpresso.tools.win32_11.0.1.201907311258/tools/bin/../lib/gcc/arm-none-eabi/8.2.1/../../../../arm-none-eabi/lib/thumb/v6-m/nofp\libcr_semihost_nf.a(__sys_flen.o)
 .ARM.attributes
                0x000006d2       0x1c c:/nxp/mcuxpressoide_11.0.1_2563/ide/plugins/com.nxp.mcuxpresso.tools.win32_11.0.1.201907311258/tools/bin/../lib/gcc/arm-none-eabi/8.2.1/../../../../arm-none-eabi/lib/thumb/v6-m/nofp\libcr_semihost_nf.a(__sys_istty.o)
 .ARM.attributes
                0x000006ee       0x1c c:/nxp/mcuxpressoide_11.0.1_2563/ide/plugins/com.nxp.mcuxpresso.tools.win32_11.0.1.201907311258/tools/bin/../lib/gcc/arm-none-eabi/8.2.1/../../../../arm-none-eabi/lib/thumb/v6-m/nofp\libcr_semihost_nf.a(__sys_remove.o)
 .ARM.attributes
                0x0000070a       0x1c c:/nxp/mcuxpressoide_11.0.1_2563/ide/plugins/com.nxp.mcuxpresso.tools.win32_11.0.1.201907311258/tools/bin/../lib/gcc/arm-none-eabi/8.2.1/../../../../arm-none-eabi/lib/thumb/v6-m/nofp\libcr_semihost_nf.a(__sys_seek.o)
 .ARM.attributes
                0x00000726       0x1c c:/nxp/mcuxpressoide_11.0.1_2563/ide/plugins/com.nxp.mcuxpresso.tools.win32_11.0.1.201907311258/tools/bin/../lib/gcc/arm-none-eabi/8.2.1/../../../../arm-none-eabi/lib/thumb/v6-m/nofp\libcr_semihost_nf.a(__sys_tmpnam.o)
 .ARM.attributes
                0x00000742       0x1c c:/nxp/mcuxpressoide_11.0.1_2563/ide/plugins/com.nxp.mcuxpresso.tools.win32_11.0.1.201907311258/tools/bin/../lib/gcc/arm-none-eabi/8.2.1/../../../../arm-none-eabi/lib/thumb/v6-m/nofp\libcr_semihost_nf.a(__sys_write.o)

.debug_frame    0x00000000     0x16d0
 .debug_frame   0x00000000       0xd0 ./debug/test.o
 .debug_frame   0x000000d0      0x3b0 ./debug/startup_MKL25Z4.o
 .debug_frame   0x00000480       0x4c ./debug/system_MKL25Z4.o
 .debug_frame   0x000004cc       0x50 ./debug/board.o
 .debug_frame   0x0000051c      0x100 ./debug/clock_config.o
 .debug_frame   0x0000061c       0x88 ./debug/pin_mux.o
 .debug_frame   0x000006a4      0x6e0 ./debug/fsl_clock.o
 .debug_frame   0x00000d84      0x418 ./debug/fsl_lpsci.o
 .debug_frame   0x0000119c      0x468 ./debug/fsl_uart.o
 .debug_frame   0x00001604       0xcc ./debug/fsl_debug_console.o
